rustc -Cllvm-args="..." with: for the --inline-threshold option: '' value invalid for integer argument!
