rustc -Cllvm-args="..." with: for the --inline-threshold option: requires a value!
