error: this file contains an unclosed delimiter
  --> $DIR/use-unclosed-brace.rs:61:27
   |
LL | use foo::{bar, baz;
   |          - unclosed delimiter
...
<<<<<<< HEAD
LL | // Simple Path Resolution
   |                           ^
=======
LL | fn main() {}
   |             ^
>>>>>>> pull-upstream-temp--do-not-use-for-real-code

error: aborting due to 1 previous error

