error: couldn't extract file stem from specified linker

error: aborting due to 1 previous error

