warning: due to multiple output types requested, the explicitly specified output file name will be adapted for each output type

warning: 1 warning emitted

