error[E0463]: can't find crate for `std`

error: aborting due to 1 previous error

For more information about this error, try `rustc --explain E0463`.
