error: crate name must not be empty

error: aborting due to 1 previous error

