error: argument for `--error-format` must be `human`, `human-annotate-rs`, `human-unicode`, `json`, `pretty-json` or `short` (instead was `junk`)

