'+foo' is not a recognized feature for this target (ignoring feature)
   |
   = help: consider filing a feature request

'+foo' is not a recognized feature for this target (ignoring feature)
warning: 1 warning emitted