'-foo' is not a recognized feature for this target (ignoring feature)
'-bar' is not a recognized feature for this target (ignoring feature)
'+baz' is not a recognized feature for this target (ignoring feature)
   |
   = help: consider filing a feature request

   |
   = help: consider filing a feature request

   |
   = help: consider filing a feature request

'-foo' is not a recognized feature for this target (ignoring feature)
'-bar' is not a recognized feature for this target (ignoring feature)
'+baz' is not a recognized feature for this target (ignoring feature)
warning: 3 warnings emitted
